{"timestamp":"2026-09-14T05:37:41.693Z","action":"read","path":"/home/jordan/Projects/the-shit/music/README.md","result":"allowed","rule":"current-repo","repo":"/home/jordan/Projects/the-shit/music"}
{"timestamp":"2026-09-14T05:37:49.178Z","action":"read","path":"/home/jordan/Projects/the-shit/music/docs/launch.md","result":"allowed","rule":"current-repo","repo":"/home/jordan/Projects/the-shit/music"}
{"timestamp":"2026-09-14T05:37:53.763Z","action":"read","path":"/home/jordan/Projects/the-shit/repos/omarchy-music/README.md","result":"allowed","rule":"the-shit-orchestration","repo":"/home/jordan/Projects/the-shit/music"}
{"timestamp":"2026-09-14T05:37:53.763Z","action":"read","path":"/home/jordan/Projects/the-shit/repos/omarchy-music/manifest.json","result":"allowed","rule":"the-shit-orchestration","repo":"/home/jordan/Projects/the-shit/music"}
{"timestamp":"2026-09-14T05:37:57.971Z","action":"read","path":"/home/jordan/.pi/agent/skills/omarchy/plugins.md","result":"allowed","rule":"omarchy","repo":"/home/jordan/Projects/the-shit/music"}
{"timestamp":"2026-09-15T23:13:23.623Z","action":"read","path":"/home/jordan/.config/spotify-cli/spotifyd.conf","result":"denied","rule":"default","repo":"/home/jordan/Projects/the-shit/music"}
{"timestamp":"2026-09-15T23:15:31.506Z","action":"read","path":"/home/jordan/.config/spotify-cli/spotifyd.conf","result":"denied","rule":"default","repo":"/home/jordan/Projects/the-shit/music"}
{"timestamp":"2026-09-16T01:16:59.094Z","action":"read","path":"/home/jordan/.local/share/mise/installs/pi/0.85.1/pi/docs/models.md","result":"denied","rule":"default","repo":"/home/jordan/Projects/the-shit/music"}
{"timestamp":"2026-09-16T01:33:47.349Z","action":"read","path":"/home/jordan/.pi/agent/skills/pi/SKILL.md","result":"denied","rule":"default","repo":"/home/jordan/Projects/the-shit/music"}
{"timestamp":"2026-09-16T02:42:30.311Z","action":"read","path":"/home/jordan/.pi/agent/skills/omarchy/SKILL.md","result":"denied","rule":"default","repo":"/home/jordan/Projects/the-shit/music"}
{"timestamp":"2026-09-16T02:42:30.314Z","action":"read","path":"/home/jordan/.pi/agent/docs/extensions.md","result":"allowed","rule":"pi-config","repo":"/home/jordan/Projects/the-shit/music"}
{"timestamp":"2026-09-16T02:42:35.755Z","action":"read","path":"/home/jordan/.local/share/mise/installs/pi/0.85.1/pi/docs/extensions.md","result":"denied","rule":"default","repo":"/home/jordan/Projects/the-shit/music"}
{"timestamp":"2026-09-16T02:42:35.756Z","action":"read","path":"/home/jordan/.local/share/mise/installs/pi/0.85.1/pi/docs/tui.md","result":"denied","rule":"default","repo":"/home/jordan/Projects/the-shit/music"}
{"timestamp":"2026-09-16T02:42:54.733Z","action":"read","path":"/home/jordan/.local/share/mise/installs/pi/0.85.1/pi/docs/extensions.md","result":"denied","rule":"default","repo":"/home/jordan/Projects/the-shit/music"}
{"timestamp":"2026-09-16T02:42:54.734Z","action":"read","path":"/home/jordan/.local/share/mise/installs/pi/0.85.1/pi/docs/tui.md","result":"denied","rule":"default","repo":"/home/jordan/Projects/the-shit/music"}
{"timestamp":"2026-09-16T02:43:59.756Z","action":"write","path":"/home/jordan/.pi/agent/extensions/question-overlay.ts","result":"denied","rule":"pi-config","repo":"/home/jordan/Projects/the-shit/music"}
{"timestamp":"2026-09-16T02:47:54.333Z","action":"read","path":"/home/jordan/Projects/the-shit/music/SKILL.md","result":"allowed","rule":"current-repo","repo":"/home/jordan/Projects/the-shit/music"}
{"timestamp":"2026-09-16T02:49:50.785Z","action":"write","path":"/home/jordan/Projects/the-shit/music/question-interface.sh","result":"allowed","rule":"current-repo","repo":"/home/jordan/Projects/the-shit/music"}
{"timestamp":"2026-09-16T02:50:02.582Z","action":"write","path":"/home/jordan/Projects/the-shit/music/ask.sh","result":"allowed","rule":"current-repo","repo":"/home/jordan/Projects/the-shit/music"}
{"timestamp":"2026-09-16T02:50:24.393Z","action":"write","path":"/home/jordan/Projects/the-shit/music/ask.sh","result":"allowed","rule":"current-repo","repo":"/home/jordan/Projects/the-shit/music"}
{"timestamp":"2026-09-16T02:51:34.582Z","action":"read","path":"/home/jordan/.config/omarchy/plugins","result":"denied","rule":"default","repo":"/home/jordan/Projects/the-shit/music"}
{"timestamp":"2026-09-16T02:52:01.509Z","action":"write","path":"/home/jordan/.config/omarchy/plugins/jordan.voice-qa/manifest.json","result":"denied","rule":"default","repo":"/home/jordan/Projects/the-shit/music"}
{"timestamp":"2026-09-16T02:52:32.475Z","action":"write","path":"/home/jordan/.config/omarchy/plugins/jordan.voice-qa/manifest.json","result":"denied","rule":"default","repo":"/home/jordan/Projects/the-shit/music"}
{"timestamp":"2026-09-16T02:53:00.567Z","action":"write","path":"/home/jordan/.config/omarchy/plugins/jordan.voice-qa/Overlay.qml","result":"denied","rule":"default","repo":"/home/jordan/Projects/the-shit/music"}
{"timestamp":"2026-09-16T02:56:33.304Z","action":"write","path":"/home/jordan/Projects/the-shit/music/prompt.sh","result":"allowed","rule":"current-repo","repo":"/home/jordan/Projects/the-shit/music"}
{"timestamp":"2026-09-16T02:57:38.449Z","action":"write","path":"/home/jordan/.config/omarchy/plugins/jordan.voice-qa/Overlay.qml","result":"denied","rule":"default","repo":"/home/jordan/Projects/the-shit/music"}
{"timestamp":"2026-09-16T03:07:15.229Z","action":"read","path":"/home/jordan/.pi/agent/skills/omarchy/SKILL.md","result":"denied","rule":"default","repo":"/home/jordan/Projects/the-shit/music"}
{"timestamp":"2026-09-16T03:07:15.230Z","action":"read","path":"/home/jordan/.pi/agent/skills/pi/SKILL.md","result":"denied","rule":"default","repo":"/home/jordan/Projects/the-shit/music"}
{"timestamp":"2026-09-16T03:07:15.231Z","action":"read","path":"/home/jordan/.pi/agent/skills/game-development/SKILL.md","result":"denied","rule":"default","repo":"/home/jordan/Projects/the-shit/music"}
{"timestamp":"2026-09-16T03:14:05.527Z","action":"write","path":"/tmp/crew-answer-panel/server.py","result":"allowed","rule":"tmp","repo":"/home/jordan/Projects/the-shit/music"}
{"timestamp":"2026-09-16T03:14:20.594Z","action":"bash","path":"python3 -m py_compile /tmp/crew-answer-panel/server.py && python3 - <<'PY'\nimport importlib.util, threading, urllib.request, urllib.error, json\ns=importlib.util.spec_from_file_location('panel','/tmp/crew-answer-panel/server.py');m=importlib.util.module_from_spec(s);s.loader.exec_module(m)\nh=m.ThreadingHTTPServer(('127.0.0.1',0),m.Handler);threading.Thread(target=h.serve_forever,daemon=True).start()\nbase=f'http://127.0.0.1:{h.server_port}';url=base+'/'+m.TOKEN+'/'\nassert urllib.request.urlopen(url).status==200\nassert json.load(urllib.request.urlopen(url+'answer'))=={'answer':None}\nreq=urllib.request.Request(url+'answer',data=b'{\"answer\":\"test reply\"}',headers={'Origin':base,'Content-Type':'application/json'})\nassert urllib.request.urlopen(req).status==200\nassert json.load(urllib.request.urlopen(url+'answer'))=={'answer':'test reply'}\ntry: urllib.request.urlopen(req);raise AssertionError('duplicate accepted')\nexcept urllib.error.HTTPError as e: assert e.code==409\nbad=urllib.request.Request(url+'answer',data=b'{}',headers={'Origin':'https://example.com'})\ntry: urllib.request.urlopen(bad);raise AssertionError('foreign origin accepted')\nexcept urllib.error.HTTPError as e: assert e.code==403\nh.shutdown();print('PASS page, empty state, submit, retrieval, duplicate protection, origin rejection')\nPY\nnohup python3 /tmp/crew-answer-panel/server.py > /tmp/crew-answer-panel/server.log 2>&1 < /dev/null & echo \"Panel PID: $!\"","result":"denied","rule":"dangerous-pattern","repo":"/home/jordan/Projects/the-shit/music"}
{"timestamp":"2026-09-16T03:14:37.161Z","action":"read","path":"/tmp/crew-answer-panel/server.log","result":"allowed","rule":"tmp","repo":"/home/jordan/Projects/the-shit/music"}
{"timestamp":"2026-09-16T03:18:51.001Z","action":"read","path":"/home/jordan/Projects/the-shit/music/ask.sh","result":"allowed","rule":"current-repo","repo":"/home/jordan/Projects/the-shit/music"}
{"timestamp":"2026-09-16T03:18:51.001Z","action":"read","path":"/home/jordan/Projects/the-shit/music/question-interface.sh","result":"allowed","rule":"current-repo","repo":"/home/jordan/Projects/the-shit/music"}
{"timestamp":"2026-09-16T03:18:51.002Z","action":"read","path":"/home/jordan/Projects/the-shit/music/prompt.sh","result":"allowed","rule":"current-repo","repo":"/home/jordan/Projects/the-shit/music"}
{"timestamp":"2026-09-16T03:18:51.002Z","action":"read","path":"/home/jordan/.pi/agent/skills/pi/SKILL.md","result":"denied","rule":"default","repo":"/home/jordan/Projects/the-shit/music"}
{"timestamp":"2026-09-16T03:19:03.565Z","action":"read","path":"/home/jordan/Projects/the-shit/music/app/Agents/AdaptAgent.php","result":"allowed","rule":"current-repo","repo":"/home/jordan/Projects/the-shit/music"}
{"timestamp":"2026-09-16T03:19:03.565Z","action":"read","path":"/home/jordan/Projects/the-shit/music/app/Agents/CuratorAgent.php","result":"allowed","rule":"current-repo","repo":"/home/jordan/Projects/the-shit/music"}
{"timestamp":"2026-09-16T03:19:03.565Z","action":"read","path":"/home/jordan/Projects/the-shit/music/app/Agents/IntentParserAgent.php","result":"allowed","rule":"current-repo","repo":"/home/jordan/Projects/the-shit/music"}
{"timestamp":"2026-09-16T03:21:38.442Z","action":"read","path":"/home/jordan/Projects/the-shit/music/README.md","result":"allowed","rule":"current-repo","repo":"/home/jordan/Projects/the-shit/music"}
{"timestamp":"2026-09-16T03:22:07.071Z","action":"write","path":"/home/jordan/Projects/the-shit/music/.pi/agent/skills/spotify-troubleshoot/SKILL.md","result":"allowed","rule":"current-repo","repo":"/home/jordan/Projects/the-shit/music"}
{"timestamp":"2026-09-16T03:22:27.114Z","action":"write","path":"/home/jordan/Projects/the-shit/music/bin/spotify-diagnose","result":"allowed","rule":"current-repo","repo":"/home/jordan/Projects/the-shit/music"}
{"timestamp":"2026-09-16T03:22:55.003Z","action":"read","path":"/home/jordan/Projects/the-shit/music/app/Commands/DevicesCommand.php","result":"allowed","rule":"current-repo","repo":"/home/jordan/Projects/the-shit/music"}
{"timestamp":"2026-09-16T03:23:02.536Z","action":"read","path":"/home/jordan/Projects/the-shit/music/app/Commands/DaemonCommand.php","result":"allowed","rule":"current-repo","repo":"/home/jordan/Projects/the-shit/music"}
{"timestamp":"2026-09-16T03:24:15.890Z","action":"write","path":"/home/jordan/Projects/the-shit/music/app/Commands/DiagnoseCommand.php","result":"allowed","rule":"current-repo","repo":"/home/jordan/Projects/the-shit/music"}
{"timestamp":"2026-09-16T03:24:39.743Z","action":"write","path":"/home/jordan/Projects/the-shit/music/app/Commands/DiagnoseCommand.php","result":"allowed","rule":"current-repo","repo":"/home/jordan/Projects/the-shit/music"}
{"timestamp":"2026-09-16T03:24:51.672Z","action":"write","path":"/home/jordan/Projects/the-shit/music/app/Commands/DiagnoseCommand.php","result":"allowed","rule":"current-repo","repo":"/home/jordan/Projects/the-shit/music"}
{"timestamp":"2026-09-16T03:25:01.536Z","action":"write","path":"/home/jordan/Projects/the-shit/music/app/Commands/DiagnoseCommand.php","result":"allowed","rule":"current-repo","repo":"/home/jordan/Projects/the-shit/music"}
{"timestamp":"2026-09-16T03:25:36.665Z","action":"write","path":"/home/jordan/Projects/the-shit/music/app/Commands/DiagnoseCommand.php","result":"allowed","rule":"current-repo","repo":"/home/jordan/Projects/the-shit/music"}
{"timestamp":"2026-09-16T03:28:23.930Z","action":"read","path":"/home/jordan/Projects/the-shit/music/app/Commands/PlayCommand.php","result":"allowed","rule":"current-repo","repo":"/home/jordan/Projects/the-shit/music"}
{"timestamp":"2026-09-16T03:28:32.082Z","action":"read","path":"/home/jordan/Projects/the-shit/music/app/Services/SpotifyPlayerService.php","result":"allowed","rule":"current-repo","repo":"/home/jordan/Projects/the-shit/music"}
{"timestamp":"2026-09-16T03:29:37.994Z","action":"write","path":"/home/jordan/.config/spotify-cli/spotifyd.conf","result":"denied","rule":"default","repo":"/home/jordan/Projects/the-shit/music"}
{"timestamp":"2026-09-16T03:33:05.378Z","action":"write","path":"/home/jordan/.config/spotify-cli/spotifyd.conf","result":"denied","rule":"default","repo":"/home/jordan/Projects/the-shit/music"}
